R { funcs = [ (0x336, [0x336, 0x376])
            , (0x2be, [0x2be, 0x318, 0x327])
            , (0x2b1, [0x2b1])
            ]
  , ignoreBlocks = [0x38c]
  }