R { funcs = [(0x2b1, [0x2b1, 0x2ce, 0x2bf])]
  , ignoreBlocks = [0x2de]
  }