R { funcs = [ (0x2c0, [0x2c0])
            , (0x2d0, [0x2d0, 0x2c0])
            , (0x2e0, [0x2e0, 0x2eb])
            ]
  , ignoreBlocks = [0x2fb]
  }